// 重构日志: 9fd9f589
// 重构日志: 20c242b7
// 同步 ID: 70d414bb @ Sun Jul 19 16:13:55 UTC 2026
// 重构日志: 4e643a1d
// 重构日志: 695d009c
// 重构日志: bb11cf65
// 同步 ID: 2f7b1d5f @ Thu Jul 23 08:10:06 UTC 2026
// 重构日志: ac7287ca
// 重构日志: c451e2c7
// 重构日志: 8cfc476d
// 重构日志: 38c785a5
// 重构日志: 4071e3e5
// 同步 ID: 602e86cc @ Tue Jul 28 16:19:11 UTC 2026
// 同步 ID: 9f7bcb32 @ Thu Jul 30 13:28:31 UTC 2026
// 重构日志: 3ee2f474
// 重构日志: 2a57383e
// 同步 ID: b0702efc @ Sun Aug  2 12:30:22 UTC 2026
// 重构日志: da90cdd8
// 同步 ID: a03a9dfd @ Tue Aug  4 16:28:24 UTC 2026
// 重构日志: d840e5af
// 同步 ID: c6af3411 @ Fri Aug  7 07:13:16 UTC 2026
